-- shows root path for the OpenAPI output
select jsonb_pretty(postgrest_openapi_spec('{test}')->'paths'->'/');
                         jsonb_pretty                         
--------------------------------------------------------------
 {                                                           +
     "get": {                                                +
         "tags": [                                           +
             "Introspection"                                 +
         ],                                                  +
         "responses": {                                      +
             "200": {                                        +
                 "content": {                                +
                     "application/json": {                   +
                         "schema": {                         +
                             "type": "object"                +
                         }                                   +
                     },                                      +
                     "application/openapi+json": {           +
                         "schema": {                         +
                             "type": "object"                +
                         }                                   +
                     }                                       +
                 },                                          +
                 "description": "OK"                         +
             }                                               +
         },                                                  +
         "description": "OpenAPI description (this document)"+
     }                                                       +
 }
(1 row)

-- Tables
-- GET operation object
-- shows the table name as tag
select jsonb_pretty(postgrest_openapi_spec('{test}')->'paths'->'/products'->'get'->'tags');
  jsonb_pretty  
----------------
 [             +
     "products"+
 ]
(1 row)

-- uses a reference for the 200 HTTP code response
select jsonb_pretty(postgrest_openapi_spec('{test}')->'paths'->'/products'->'get'->'responses'->'200');
                      jsonb_pretty                       
---------------------------------------------------------
 {                                                      +
     "$ref": "#/components/responses/notEmpty.products",+
     "description": "OK"                                +
 }
(1 row)

-- uses a reference for the 206 HTTP code response
select jsonb_pretty(postgrest_openapi_spec('{test}')->'paths'->'/products'->'get'->'responses'->'206');
                      jsonb_pretty                       
---------------------------------------------------------
 {                                                      +
     "$ref": "#/components/responses/notEmpty.products",+
     "description": "Partial Content"                   +
 }
(1 row)

-- uses a reference for error responses
select jsonb_pretty(postgrest_openapi_spec('{test}')->'paths'->'/products'->'get'->'responses'->'default');
                    jsonb_pretty                    
----------------------------------------------------
 {                                                 +
     "$ref": "#/components/responses/defaultError",+
     "description": "Error"                        +
 }
(1 row)

-- uses references for columns as query parameters
select value
from jsonb_array_elements(postgrest_openapi_spec('{test}')->'paths'->'/products'->'get'->'parameters')
where value->>'$ref' like '#/components/parameters/rowFilter.products.%';
                               value                                
--------------------------------------------------------------------
 {"$ref": "#/components/parameters/rowFilter.products.id"}
 {"$ref": "#/components/parameters/rowFilter.products.code"}
 {"$ref": "#/components/parameters/rowFilter.products.name"}
 {"$ref": "#/components/parameters/rowFilter.products.description"}
 {"$ref": "#/components/parameters/rowFilter.products.attr"}
 {"$ref": "#/components/parameters/rowFilter.products.size"}
(6 rows)

-- shows the first line of the comment on the table as summary
select jsonb_pretty(postgrest_openapi_spec('{test}')->'paths'->'/products'->'get'->'summary');
    jsonb_pretty    
--------------------
 "Products summary"
(1 row)

-- shows the second line of the comment on the table as description
select jsonb_pretty(postgrest_openapi_spec('{test}')->'paths'->'/products'->'get'->'description');
                    jsonb_pretty                     
-----------------------------------------------------
 "Products description\nthat spans\nmultiple lines."
(1 row)

-- uses references for common parameters
select value
from jsonb_array_elements(postgrest_openapi_spec('{test}')->'paths'->'/products'->'get'->'parameters')
where value->>'$ref' not like '#/components/parameters/rowFilter.products.%';
                     value                     
-----------------------------------------------
 {"$ref": "#/components/parameters/select"}
 {"$ref": "#/components/parameters/order"}
 {"$ref": "#/components/parameters/limit"}
 {"$ref": "#/components/parameters/offset"}
 {"$ref": "#/components/parameters/or"}
 {"$ref": "#/components/parameters/and"}
 {"$ref": "#/components/parameters/not.or"}
 {"$ref": "#/components/parameters/not.and"}
 {"$ref": "#/components/parameters/range"}
 {"$ref": "#/components/parameters/preferGet"}
(10 rows)

-- POST operation object
-- shows the table name as tag
select jsonb_pretty(postgrest_openapi_spec('{test}')->'paths'->'/products'->'post'->'tags');
  jsonb_pretty  
----------------
 [             +
     "products"+
 ]
(1 row)

-- uses a reference for the 201 HTTP code response
select jsonb_pretty(postgrest_openapi_spec('{test}')->'paths'->'/products'->'post'->'responses'->'201');
                       jsonb_pretty                        
-----------------------------------------------------------
 {                                                        +
     "$ref": "#/components/responses/mayBeEmpty.products",+
     "description": "Created"                             +
 }
(1 row)

-- uses a reference for error responses
select jsonb_pretty(postgrest_openapi_spec('{test}')->'paths'->'/products'->'post'->'responses'->'default');
                    jsonb_pretty                    
----------------------------------------------------
 {                                                 +
     "$ref": "#/components/responses/defaultError",+
     "description": "Error"                        +
 }
(1 row)

-- uses a reference for request body
select jsonb_pretty(postgrest_openapi_spec('{test}')->'paths'->'/products'->'post'->'requestBody'->'$ref');
             jsonb_pretty              
---------------------------------------
 "#/components/requestBodies/products"
(1 row)

-- shows the first line of the comment on the table as summary
select jsonb_pretty(postgrest_openapi_spec('{test}')->'paths'->'/products'->'post'->'summary');
    jsonb_pretty    
--------------------
 "Products summary"
(1 row)

-- shows the second line of the comment on the table as description
select jsonb_pretty(postgrest_openapi_spec('{test}')->'paths'->'/products'->'post'->'description');
                    jsonb_pretty                     
-----------------------------------------------------
 "Products description\nthat spans\nmultiple lines."
(1 row)

-- uses references for common parameters
select value
from jsonb_array_elements(postgrest_openapi_spec('{test}')->'paths'->'/products'->'post'->'parameters')
where value->>'$ref' like '#/components/parameters/%';
                     value                      
------------------------------------------------
 {"$ref": "#/components/parameters/select"}
 {"$ref": "#/components/parameters/columns"}
 {"$ref": "#/components/parameters/preferPost"}
(3 rows)

-- PATCH operation object
-- shows the table name as tag
select jsonb_pretty(postgrest_openapi_spec('{test}')->'paths'->'/products'->'patch'->'tags');
  jsonb_pretty  
----------------
 [             +
     "products"+
 ]
(1 row)

-- uses a reference for the 200 HTTP code response
select jsonb_pretty(postgrest_openapi_spec('{test}')->'paths'->'/products'->'patch'->'responses'->'200');
                      jsonb_pretty                       
---------------------------------------------------------
 {                                                      +
     "$ref": "#/components/responses/notEmpty.products",+
     "description": "OK"                                +
 }
(1 row)

-- uses a reference for the 204 HTTP code response
select jsonb_pretty(postgrest_openapi_spec('{test}')->'paths'->'/products'->'patch'->'responses'->'204');
                jsonb_pretty                 
---------------------------------------------
 {                                          +
     "$ref": "#/components/responses/empty",+
     "description": "No Content"            +
 }
(1 row)

-- uses a reference for error responses
select jsonb_pretty(postgrest_openapi_spec('{test}')->'paths'->'/products'->'patch'->'responses'->'default');
                    jsonb_pretty                    
----------------------------------------------------
 {                                                 +
     "$ref": "#/components/responses/defaultError",+
     "description": "Error"                        +
 }
(1 row)

-- uses a reference for request body
select jsonb_pretty(postgrest_openapi_spec('{test}')->'paths'->'/products'->'patch'->'requestBody'->'$ref');
             jsonb_pretty              
---------------------------------------
 "#/components/requestBodies/products"
(1 row)

-- shows the first line of the comment on the table as summary
select jsonb_pretty(postgrest_openapi_spec('{test}')->'paths'->'/products'->'patch'->'summary');
    jsonb_pretty    
--------------------
 "Products summary"
(1 row)

-- shows the second line of the comment on the table as description
select jsonb_pretty(postgrest_openapi_spec('{test}')->'paths'->'/products'->'patch'->'description');
                    jsonb_pretty                     
-----------------------------------------------------
 "Products description\nthat spans\nmultiple lines."
(1 row)

-- uses references for columns as query parameters
select value
from jsonb_array_elements(postgrest_openapi_spec('{test}')->'paths'->'/products'->'patch'->'parameters')
where value->>'$ref' like '#/components/parameters/rowFilter.products.%';
                               value                                
--------------------------------------------------------------------
 {"$ref": "#/components/parameters/rowFilter.products.id"}
 {"$ref": "#/components/parameters/rowFilter.products.code"}
 {"$ref": "#/components/parameters/rowFilter.products.name"}
 {"$ref": "#/components/parameters/rowFilter.products.description"}
 {"$ref": "#/components/parameters/rowFilter.products.attr"}
 {"$ref": "#/components/parameters/rowFilter.products.size"}
(6 rows)

-- uses references for common parameters
select value
from jsonb_array_elements(postgrest_openapi_spec('{test}')->'paths'->'/products'->'patch'->'parameters')
where value->>'$ref' not like '#/components/parameters/rowFilter.products.%';
                      value                      
-------------------------------------------------
 {"$ref": "#/components/parameters/select"}
 {"$ref": "#/components/parameters/columns"}
 {"$ref": "#/components/parameters/order"}
 {"$ref": "#/components/parameters/limit"}
 {"$ref": "#/components/parameters/or"}
 {"$ref": "#/components/parameters/and"}
 {"$ref": "#/components/parameters/not.or"}
 {"$ref": "#/components/parameters/not.and"}
 {"$ref": "#/components/parameters/preferPatch"}
(9 rows)

-- DELETE operation object
-- shows the table name as tag
select jsonb_pretty(postgrest_openapi_spec('{test}')->'paths'->'/products'->'delete'->'tags');
  jsonb_pretty  
----------------
 [             +
     "products"+
 ]
(1 row)

-- uses a reference for the 200 HTTP code response
select jsonb_pretty(postgrest_openapi_spec('{test}')->'paths'->'/products'->'delete'->'responses'->'200');
                      jsonb_pretty                       
---------------------------------------------------------
 {                                                      +
     "$ref": "#/components/responses/notEmpty.products",+
     "description": "OK"                                +
 }
(1 row)

-- uses a reference for the 204 HTTP code response
select jsonb_pretty(postgrest_openapi_spec('{test}')->'paths'->'/products'->'delete'->'responses'->'204');
                jsonb_pretty                 
---------------------------------------------
 {                                          +
     "$ref": "#/components/responses/empty",+
     "description": "No Content"            +
 }
(1 row)

-- uses a reference for error responses
select jsonb_pretty(postgrest_openapi_spec('{test}')->'paths'->'/products'->'delete'->'responses'->'default');
                    jsonb_pretty                    
----------------------------------------------------
 {                                                 +
     "$ref": "#/components/responses/defaultError",+
     "description": "Error"                        +
 }
(1 row)

-- shows the first line of the comment on the table as summary
select jsonb_pretty(postgrest_openapi_spec('{test}')->'paths'->'/products'->'delete'->'summary');
    jsonb_pretty    
--------------------
 "Products summary"
(1 row)

-- shows the second line of the comment on the table as description
select jsonb_pretty(postgrest_openapi_spec('{test}')->'paths'->'/products'->'delete'->'description');
                    jsonb_pretty                     
-----------------------------------------------------
 "Products description\nthat spans\nmultiple lines."
(1 row)

-- uses references for columns as query parameters
select value
from jsonb_array_elements(postgrest_openapi_spec('{test}')->'paths'->'/products'->'delete'->'parameters')
where value->>'$ref' like '#/components/parameters/rowFilter.products.%';
                               value                                
--------------------------------------------------------------------
 {"$ref": "#/components/parameters/rowFilter.products.id"}
 {"$ref": "#/components/parameters/rowFilter.products.code"}
 {"$ref": "#/components/parameters/rowFilter.products.name"}
 {"$ref": "#/components/parameters/rowFilter.products.description"}
 {"$ref": "#/components/parameters/rowFilter.products.attr"}
 {"$ref": "#/components/parameters/rowFilter.products.size"}
(6 rows)

-- uses references for common parameters
select value
from jsonb_array_elements(postgrest_openapi_spec('{test}')->'paths'->'/products'->'delete'->'parameters')
where value->>'$ref' not like '#/components/parameters/rowFilter.products.%';
                      value                       
--------------------------------------------------
 {"$ref": "#/components/parameters/select"}
 {"$ref": "#/components/parameters/order"}
 {"$ref": "#/components/parameters/limit"}
 {"$ref": "#/components/parameters/or"}
 {"$ref": "#/components/parameters/and"}
 {"$ref": "#/components/parameters/not.or"}
 {"$ref": "#/components/parameters/not.and"}
 {"$ref": "#/components/parameters/preferDelete"}
(8 rows)

-- Views
-- GET operation object
-- shows the table name as tag
select jsonb_pretty(postgrest_openapi_spec('{test}')->'paths'->'/big_products'->'get'->'tags');
    jsonb_pretty    
--------------------
 [                 +
     "big_products"+
 ]
(1 row)

-- uses a reference for the 200 HTTP code response
select jsonb_pretty(postgrest_openapi_spec('{test}')->'paths'->'/big_products'->'get'->'responses'->'200');
                        jsonb_pretty                         
-------------------------------------------------------------
 {                                                          +
     "$ref": "#/components/responses/notEmpty.big_products",+
     "description": "OK"                                    +
 }
(1 row)

-- uses a reference for the 206 HTTP code response
select jsonb_pretty(postgrest_openapi_spec('{test}')->'paths'->'/big_products'->'get'->'responses'->'206');
                        jsonb_pretty                         
-------------------------------------------------------------
 {                                                          +
     "$ref": "#/components/responses/notEmpty.big_products",+
     "description": "Partial Content"                       +
 }
(1 row)

-- uses a reference for error responses
select jsonb_pretty(postgrest_openapi_spec('{test}')->'paths'->'/big_products'->'get'->'responses'->'default');
                    jsonb_pretty                    
----------------------------------------------------
 {                                                 +
     "$ref": "#/components/responses/defaultError",+
     "description": "Error"                        +
 }
(1 row)

-- shows the first line of the comment on the table as summary
select jsonb_pretty(postgrest_openapi_spec('{test}')->'paths'->'/big_products'->'get'->'summary');
      jsonb_pretty      
------------------------
 "Big products summary"
(1 row)

-- shows the second line of the comment on the table as description
select jsonb_pretty(postgrest_openapi_spec('{test}')->'paths'->'/big_products'->'get'->'description');
                      jsonb_pretty                       
---------------------------------------------------------
 "Big products description\nthat spans\nmultiple lines."
(1 row)

-- uses references for columns as query parameters
select value
from jsonb_array_elements(postgrest_openapi_spec('{test}')->'paths'->'/big_products'->'get'->'parameters')
where value->>'$ref' like '#/components/parameters/rowFilter.big_products.%';
                              value                              
-----------------------------------------------------------------
 {"$ref": "#/components/parameters/rowFilter.big_products.id"}
 {"$ref": "#/components/parameters/rowFilter.big_products.code"}
 {"$ref": "#/components/parameters/rowFilter.big_products.name"}
 {"$ref": "#/components/parameters/rowFilter.big_products.size"}
(4 rows)

-- uses references for common parameters
select value
from jsonb_array_elements(postgrest_openapi_spec('{test}')->'paths'->'/big_products'->'get'->'parameters')
where value->>'$ref' not like '#/components/parameters/rowFilter.big_products.%';
                     value                     
-----------------------------------------------
 {"$ref": "#/components/parameters/select"}
 {"$ref": "#/components/parameters/order"}
 {"$ref": "#/components/parameters/limit"}
 {"$ref": "#/components/parameters/offset"}
 {"$ref": "#/components/parameters/or"}
 {"$ref": "#/components/parameters/and"}
 {"$ref": "#/components/parameters/not.or"}
 {"$ref": "#/components/parameters/not.and"}
 {"$ref": "#/components/parameters/range"}
 {"$ref": "#/components/parameters/preferGet"}
(10 rows)

-- shows a GET operation object for non auto-updatable views
select postgrest_openapi_spec('{test}')->'paths'->'/non_auto_updatable' ? 'get' as value;
 value 
-------
 t
(1 row)

-- POST operation object
-- shows the table name as tag
select jsonb_pretty(postgrest_openapi_spec('{test}')->'paths'->'/big_products'->'post'->'tags');
    jsonb_pretty    
--------------------
 [                 +
     "big_products"+
 ]
(1 row)

-- uses a reference for the 201 HTTP code response
select jsonb_pretty(postgrest_openapi_spec('{test}')->'paths'->'/big_products'->'post'->'responses'->'201');
                         jsonb_pretty                          
---------------------------------------------------------------
 {                                                            +
     "$ref": "#/components/responses/mayBeEmpty.big_products",+
     "description": "Created"                                 +
 }
(1 row)

-- uses a reference for error responses
select jsonb_pretty(postgrest_openapi_spec('{test}')->'paths'->'/big_products'->'post'->'responses'->'default');
                    jsonb_pretty                    
----------------------------------------------------
 {                                                 +
     "$ref": "#/components/responses/defaultError",+
     "description": "Error"                        +
 }
(1 row)

-- uses a reference for request body
select jsonb_pretty(postgrest_openapi_spec('{test}')->'paths'->'/big_products'->'post'->'requestBody'->'$ref');
               jsonb_pretty                
-------------------------------------------
 "#/components/requestBodies/big_products"
(1 row)

-- shows the first line of the comment on the table as summary
select jsonb_pretty(postgrest_openapi_spec('{test}')->'paths'->'/big_products'->'post'->'summary');
      jsonb_pretty      
------------------------
 "Big products summary"
(1 row)

-- shows the second line of the comment on the table as description
select jsonb_pretty(postgrest_openapi_spec('{test}')->'paths'->'/big_products'->'post'->'description');
                      jsonb_pretty                       
---------------------------------------------------------
 "Big products description\nthat spans\nmultiple lines."
(1 row)

-- uses references for common parameters
select value
from jsonb_array_elements(postgrest_openapi_spec('{test}')->'paths'->'/big_products'->'post'->'parameters')
where value->>'$ref' like '#/components/parameters/%';
                     value                      
------------------------------------------------
 {"$ref": "#/components/parameters/select"}
 {"$ref": "#/components/parameters/columns"}
 {"$ref": "#/components/parameters/preferPost"}
(3 rows)

-- does not show a POST operation object for non auto-updatable views
select postgrest_openapi_spec('{test}')->'paths'->'/non_auto_updatable' ? 'post' as value;
 value 
-------
 f
(1 row)

-- PATCH operation object
-- shows the table name as tag
select jsonb_pretty(postgrest_openapi_spec('{test}')->'paths'->'/big_products'->'patch'->'tags');
    jsonb_pretty    
--------------------
 [                 +
     "big_products"+
 ]
(1 row)

-- uses a reference for the 200 HTTP code response
select jsonb_pretty(postgrest_openapi_spec('{test}')->'paths'->'/big_products'->'patch'->'responses'->'200');
                        jsonb_pretty                         
-------------------------------------------------------------
 {                                                          +
     "$ref": "#/components/responses/notEmpty.big_products",+
     "description": "OK"                                    +
 }
(1 row)

-- uses a reference for the 204 HTTP code response
select jsonb_pretty(postgrest_openapi_spec('{test}')->'paths'->'/big_products'->'patch'->'responses'->'204');
                jsonb_pretty                 
---------------------------------------------
 {                                          +
     "$ref": "#/components/responses/empty",+
     "description": "No Content"            +
 }
(1 row)

-- uses a reference for error responses
select jsonb_pretty(postgrest_openapi_spec('{test}')->'paths'->'/big_products'->'patch'->'responses'->'default');
                    jsonb_pretty                    
----------------------------------------------------
 {                                                 +
     "$ref": "#/components/responses/defaultError",+
     "description": "Error"                        +
 }
(1 row)

-- uses a reference for request body
select jsonb_pretty(postgrest_openapi_spec('{test}')->'paths'->'/big_products'->'patch'->'requestBody'->'$ref');
               jsonb_pretty                
-------------------------------------------
 "#/components/requestBodies/big_products"
(1 row)

-- shows the first line of the comment on the table as summary
select jsonb_pretty(postgrest_openapi_spec('{test}')->'paths'->'/big_products'->'patch'->'summary');
      jsonb_pretty      
------------------------
 "Big products summary"
(1 row)

-- shows the second line of the comment on the table as description
select jsonb_pretty(postgrest_openapi_spec('{test}')->'paths'->'/big_products'->'patch'->'description');
                      jsonb_pretty                       
---------------------------------------------------------
 "Big products description\nthat spans\nmultiple lines."
(1 row)

-- uses references for columns as query parameters
select value
from jsonb_array_elements(postgrest_openapi_spec('{test}')->'paths'->'/big_products'->'patch'->'parameters')
where value->>'$ref' like '#/components/parameters/rowFilter.big_products.%';
                              value                              
-----------------------------------------------------------------
 {"$ref": "#/components/parameters/rowFilter.big_products.id"}
 {"$ref": "#/components/parameters/rowFilter.big_products.code"}
 {"$ref": "#/components/parameters/rowFilter.big_products.name"}
 {"$ref": "#/components/parameters/rowFilter.big_products.size"}
(4 rows)

-- uses references for common parameters
select value
from jsonb_array_elements(postgrest_openapi_spec('{test}')->'paths'->'/big_products'->'patch'->'parameters')
where value->>'$ref' not like '#/components/parameters/rowFilter.big_products.%';
                      value                      
-------------------------------------------------
 {"$ref": "#/components/parameters/select"}
 {"$ref": "#/components/parameters/columns"}
 {"$ref": "#/components/parameters/order"}
 {"$ref": "#/components/parameters/limit"}
 {"$ref": "#/components/parameters/or"}
 {"$ref": "#/components/parameters/and"}
 {"$ref": "#/components/parameters/not.or"}
 {"$ref": "#/components/parameters/not.and"}
 {"$ref": "#/components/parameters/preferPatch"}
(9 rows)

-- does not show a PATCH operation object for non auto-updatable views
select postgrest_openapi_spec('{test}')->'paths'->'/non_auto_updatable' ? 'patch' as value;
 value 
-------
 f
(1 row)

-- DELETE operation object
-- shows the table name as tag
select jsonb_pretty(postgrest_openapi_spec('{test}')->'paths'->'/big_products'->'delete'->'tags');
    jsonb_pretty    
--------------------
 [                 +
     "big_products"+
 ]
(1 row)

-- uses a reference for the 200 HTTP code response
select jsonb_pretty(postgrest_openapi_spec('{test}')->'paths'->'/big_products'->'delete'->'responses'->'200');
                        jsonb_pretty                         
-------------------------------------------------------------
 {                                                          +
     "$ref": "#/components/responses/notEmpty.big_products",+
     "description": "OK"                                    +
 }
(1 row)

-- uses a reference for the 204 HTTP code response
select jsonb_pretty(postgrest_openapi_spec('{test}')->'paths'->'/big_products'->'delete'->'responses'->'204');
                jsonb_pretty                 
---------------------------------------------
 {                                          +
     "$ref": "#/components/responses/empty",+
     "description": "No Content"            +
 }
(1 row)

-- uses a reference for error responses
select jsonb_pretty(postgrest_openapi_spec('{test}')->'paths'->'/big_products'->'delete'->'responses'->'default');
                    jsonb_pretty                    
----------------------------------------------------
 {                                                 +
     "$ref": "#/components/responses/defaultError",+
     "description": "Error"                        +
 }
(1 row)

-- shows the first line of the comment on the table as summary
select jsonb_pretty(postgrest_openapi_spec('{test}')->'paths'->'/big_products'->'delete'->'summary');
      jsonb_pretty      
------------------------
 "Big products summary"
(1 row)

-- shows the second line of the comment on the table as description
select jsonb_pretty(postgrest_openapi_spec('{test}')->'paths'->'/big_products'->'delete'->'description');
                      jsonb_pretty                       
---------------------------------------------------------
 "Big products description\nthat spans\nmultiple lines."
(1 row)

-- uses references for columns as query parameters
select value
from jsonb_array_elements(postgrest_openapi_spec('{test}')->'paths'->'/big_products'->'delete'->'parameters')
where value->>'$ref' like '#/components/parameters/rowFilter.big_products.%';
                              value                              
-----------------------------------------------------------------
 {"$ref": "#/components/parameters/rowFilter.big_products.id"}
 {"$ref": "#/components/parameters/rowFilter.big_products.code"}
 {"$ref": "#/components/parameters/rowFilter.big_products.name"}
 {"$ref": "#/components/parameters/rowFilter.big_products.size"}
(4 rows)

-- uses references for common parameters
select value
from jsonb_array_elements(postgrest_openapi_spec('{test}')->'paths'->'/big_products'->'delete'->'parameters')
where value->>'$ref' not like '#/components/parameters/rowFilter.big_products.%';
                      value                       
--------------------------------------------------
 {"$ref": "#/components/parameters/select"}
 {"$ref": "#/components/parameters/order"}
 {"$ref": "#/components/parameters/limit"}
 {"$ref": "#/components/parameters/or"}
 {"$ref": "#/components/parameters/and"}
 {"$ref": "#/components/parameters/not.or"}
 {"$ref": "#/components/parameters/not.and"}
 {"$ref": "#/components/parameters/preferDelete"}
(8 rows)

-- does not show a DELETE operation object for non auto-updatable views
select postgrest_openapi_spec('{test}')->'paths'->'/non_auto_updatable' ? 'delete' as value;
 value 
-------
 f
(1 row)

