-- shows the default server
select jsonb_pretty(get_postgrest_openapi_spec('{test}')->'servers');
             jsonb_pretty             
--------------------------------------
 [                                   +
     {                               +
         "url": "http://0.0.0.0:3000"+
     }                               +
 ]
(1 row)

-- shows the custom server url specified by the user
select jsonb_pretty(get_postgrest_openapi_spec('{test}', 'https://www.example.com/api/')->'servers');
                 jsonb_pretty                  
-----------------------------------------------
 [                                            +
     {                                        +
         "url": "https://www.example.com/api/"+
     }                                        +
 ]
(1 row)

